C51 COMPILER V9.60.0.0   MAIN                                                              11/14/2022 13:37:51 PAGE 1   


C51 COMPILER V9.60.0.0, COMPILATION OF MODULE MAIN
OBJECT MODULE PLACED IN .\Objects\Main.obj
COMPILER INVOKED BY: D:\Keil_v5\C51\BIN\C51.EXE Main.c OPTIMIZE(8,SPEED) BROWSE DEBUG OBJECTEXTEND PRINT(.\Listings\Main
                    -.lst) TABS(2) OBJECT(.\Objects\Main.obj)

line level    source

   1          #include <reg52.h>
   2          #define uchar unsigned char
   3          #define uint unsigned int
   4          
   5          sbit wela = P2 ^ 7; //位定义数码管位选锁存器接口
   6          sbit dula = P2 ^ 6; //位定义数码管段选锁存器接口
   7          sbit LED1 = P1 ^ 0;
   8          sbit BUJ = P1 ^ 2; //蜂鸣器
   9          
  10          uint num = 0;  //判断输按键次数
  11          uint time = 0; //控制定时器启动
  12          uint a, b, c, d, e, f, g, h;
  13          uint mmsec = 0;
  14          msec = 10, sec = 29; // 30秒倒计时
  15          
  16          void Delay(unsigned int xms)
  17          {
  18   1          unsigned char i, j;
  19   1          while (xms)
  20   1          {
  21   2              i = 2;
  22   2              j = 199;
  23   2              do
  24   2              {
  25   3                  while (--j)
  26   3                      ;
  27   3              } while (--i);
  28   2              xms--;
  29   2          }
  30   1      }
  31          void timer0Init()
  32          {
  33   1          EA = 1;
  34   1          ET0 = 1;
  35   1      
  36   1          TR0 = 1;
  37   1          TMOD |= 0x01;
  38   1          TH0 = 0x4C;
  39   1          TL0 = 0x00;
  40   1      }
  41          
  42          //数码管段选表
  43          uchar code table[] =
  44              {
  45                  0x3F, //"0"
  46                  0x06, //"1"
  47                  0x5B, //"2"
  48                  0x4F, //"3"
  49                  0x66, //"4"
  50                  0x6D, //"5"
  51                  0x7D, //"6"
  52                  0x07, //"7"
  53                  0x7F, //"8"
  54                  0x6F, //"9"
C51 COMPILER V9.60.0.0   MAIN                                                              11/14/2022 13:37:51 PAGE 2   

  55                  0x77, //"A"
  56                  0x7C, //"B"
  57                  0x39, //"C"
  58                  0x5E, //"D"
  59                  0x79, //"E"
  60                  0x71, //"F"
  61                  0x76, //"H"
  62                  0x38, //"L"
  63                  0x37, //"n"
  64                  0x3E, //"u"
  65                  0x73, //"P"
  66                  0x5C, //"o"
  67                  0x40, //"-"
  68                  0x00, //熄灭
  69                  0x00  //自定义
  70          };
  71          
  72          void display(uchar m1, uchar m2, uchar m3, uchar m4, uchar m5, uchar m6, uchar m7, uchar m8)
  73          {
  74   1          dula = 0;
  75   1          P0 = table[m1];
  76   1          dula = 1;
  77   1          dula = 0;
  78   1      
  79   1          wela = 0;
  80   1          P0 = 0xfe;
  81   1          wela = 1;
  82   1          wela = 0;
  83   1          Delay(1);
  84   1      
  85   1          P0 = table[m2];
  86   1          dula = 1;
  87   1          dula = 0;
  88   1      
  89   1          P0 = 0xfd;
  90   1          wela = 1;
  91   1          wela = 0;
  92   1          Delay(1);
  93   1      
  94   1          P0 = table[m3];
  95   1          dula = 1;
  96   1          dula = 0;
  97   1      
  98   1          P0 = 0xfb;
  99   1          wela = 1;
 100   1          wela = 0;
 101   1          Delay(1);
 102   1      
 103   1          P0 = table[m4];
 104   1          dula = 1;
 105   1          dula = 0;
 106   1      
 107   1          P0 = 0xf7;
 108   1          wela = 1;
 109   1          wela = 0;
 110   1          Delay(1);
 111   1      
 112   1          P0 = table[m5];
 113   1          dula = 1;
 114   1          dula = 0;
 115   1      
 116   1          P0 = 0xef;
C51 COMPILER V9.60.0.0   MAIN                                                              11/14/2022 13:37:51 PAGE 3   

 117   1          wela = 1;
 118   1          wela = 0;
 119   1          Delay(1);
 120   1      
 121   1          P0 = table[m6];
 122   1          dula = 1;
 123   1          dula = 0;
 124   1      
 125   1          P0 = 0xdf;
 126   1          wela = 1;
 127   1          wela = 0;
 128   1          Delay(1);
 129   1      
 130   1          P0 = table[m7];
 131   1          dula = 1;
 132   1          dula = 0;
 133   1      
 134   1          P0 = 0xbf;
 135   1          wela = 1;
 136   1          wela = 0;
 137   1          Delay(1);
 138   1      
 139   1          P0 = table[m8];
 140   1          dula = 1;
 141   1          dula = 0;
 142   1      
 143   1          P0 = 0x7f;
 144   1          wela = 1;
 145   1          wela = 0;
 146   1          Delay(1);
 147   1      }
 148          
 149          int KeyScan()
 150          {
 151   1          uchar KeyValue;
 152   1          P3 = 0xf0;
 153   1          if (P3 != 0xf0)
 154   1          {
 155   2              Delay(5); //软件消抖
 156   2              if (P3 != 0xf0)
 157   2              {
 158   3                  switch (P3)
 159   3                  {
 160   4                  case 0xe0:
 161   4                      KeyValue = 0;
 162   4                      break;
 163   4                  case 0xd0:
 164   4                      KeyValue = 1;
 165   4                      break;
 166   4                  case 0xb0:
 167   4                      KeyValue = 2;
 168   4                      break;
 169   4                  case 0x70:
 170   4                      KeyValue = 3;
 171   4                      break;
 172   4                  }
 173   3                  P3 = 0x0f;
 174   3                  switch (P3)
 175   3                  {
 176   4                  case 0x0e:
 177   4                      KeyValue = KeyValue;
 178   4                      break;
C51 COMPILER V9.60.0.0   MAIN                                                              11/14/2022 13:37:51 PAGE 4   

 179   4                  case 0x0d:
 180   4                      KeyValue += 4;
 181   4                      break;
 182   4                  case 0x0b:
 183   4                      KeyValue += 8;
 184   4                      break;
 185   4                  case 0x07:
 186   4                      KeyValue += 12;
 187   4                      break;
 188   4                  }
 189   3                  while (P3 != 0x0f)
 190   3                      ;
 191   3              }
 192   2          }
 193   1          else
 194   1              KeyValue = 0xff;
 195   1          {
 196   2              //  P3 = 0xff;
 197   2              //  if(P3 != 0xff)
 198   2              //  {
 199   2              //    Delay(5);
 200   2              //    if( P3 != 0xff)
 201   2              //    {
 202   2              //      switch(P3)
 203   2              //      {
 204   2              //        case 0xfe:  KeyValue = 16;  return KeyValue;break;
 205   2              //        case 0xfd:  KeyValue = 17;  return KeyValue;break;
 206   2              //        case 0xfb:  KeyValue = 18;  return KeyValue;break;
 207   2              //        case 0xf7:  KeyValue = 19;  return KeyValue;break;
 208   2              //      }
 209   2              //      while(P3 != 0xff);
 210   2              //    }
 211   2              //  }
 212   2          }
 213   1      
 214   1          return KeyValue;
 215   1      }
 216          
 217          void main()
 218          {
 219   1          uint KeyNum;                         //键盘输入值
 220   1          uint money;                          //待交换金额
 221   1          uint have = 6000;                    //初始金额
 222   1          uint a1 = 1, b1 = 2, c1 = 3, d1 = 4; //密码
 223   1          uint type = 0;                       // 0，判断密码界面； 2，存取款界面
 224   1      
 225   1          a = 22;
 226   1          b = 22;
 227   1          c = 22;
 228   1          d = 22;
 229   1          e = 22;
 230   1          f = 22;
 231   1          g = 22;
 232   1          h = 22;       //数码管初始化”--------“
 233   1          timer0Init(); //定时器初始化
 234   1          while (1)
 235   1          {
 236   2              KeyNum = KeyScan(); //键盘取值
 237   2              if (KeyNum != 0xff)
 238   2              {
 239   3                  if (KeyNum < 10) // 0~9为输入值
 240   3                  {
C51 COMPILER V9.60.0.0   MAIN                                                              11/14/2022 13:37:51 PAGE 5   

 241   4                      switch (num) //逐位输入
 242   4                      {
 243   5                      case 0:
 244   5                          a = KeyNum;
 245   5                          num++;
 246   5                          if (type == 0)
 247   5                              time++;
 248   5                          break; // time控制30s倒计时启动
 249   5                      case 1:
 250   5                          b = KeyNum;
 251   5                          num++;
 252   5                          break;
 253   5                      case 2:
 254   5                          c = KeyNum;
 255   5                          num++;
 256   5                          break;
 257   5                      case 3:
 258   5                          d = KeyNum;
 259   5                          num++;
 260   5                          break;
 261   5                      }
 262   4                  }
 263   3              }
 264   2              //=====================================================
 265   2              if (type == 0) //判断密码阶段
 266   2              {
 267   3                  if (num == 4) //输入4位密码自动判断
 268   3                  {
 269   4                      if (a == a1 && b == b1 && c == c1 && d == d1) //密码正确
 270   4                      {
 271   5                          P1 = 0x00; // LED全亮
 272   5                          type = 1;  //进入中间阶段
 273   5                          num = 0;   //输入位复位
 274   5                          time = 0;  // 30s计时停止
 275   5                      }
 276   4                      if (a != a1 || b != b1 || c != c1 || d != d1) //密码错误
 277   4                      {
 278   5                          sec = sec - 2; //计时-2
 279   5                          a = 22;
 280   5                          b = 22;
 281   5                          c = 22;
 282   5                          d = 22;  //密码区复位
 283   5                          num = 0; //输入位复位
 284   5                      }
 285   4                  }
 286   3      
 287   3                  if (f == 0 && g == 0 && h == 1) // 30s计时结束
 288   3                  {
 289   4                      time = 0;                        //退出计时
 290   4                      h = 0;                           //小bug修复
 291   4                      display(a, b, c, d, e, f, g, h); //小bug修复
 292   4                      LED1 = 0;
 293   4                      Delay(500);
 294   4                      LED1 = 1;
 295   4                      Delay(250);
 296   4                      LED1 = 0;
 297   4                      Delay(500);
 298   4                      LED1 = 1;
 299   4                      Delay(250);
 300   4                      LED1 = 0;
 301   4                      Delay(500);
 302   4                      LED1 = 1;
C51 COMPILER V9.60.0.0   MAIN                                                              11/14/2022 13:37:51 PAGE 6   

 303   4                      Delay(250); //蜂鸣器响三声
 304   4                      a = 22;
 305   4                      b = 22;
 306   4                      c = 22;
 307   4                      d = 22;
 308   4                      e = 22;
 309   4                      f = 22;
 310   4                      g = 22;
 311   4                      h = 22;
 312   4                      num = 0;
 313   4                      mmsec = 0;
 314   4                      msec = 10, sec = 29; //整体复位
 315   4                  }
 316   3              }
 317   2              //=====================================================
 318   2              if (type == 1) //中间阶段
 319   2              {
 320   3                  a = 22;
 321   3                  b = 22;
 322   3                  c = 22;
 323   3                  d = 22; //密码区复位
 324   3                  e = have / 1000;
 325   3                  f = have % 1000 / 100;
 326   3                  g = have % 100 / 10;
 327   3                  h = have % 10; //数码管后4位显示余额
 328   3      
 329   3                  type = 2; //进入存取款阶段
 330   3              }
 331   2              //=====================================================
 332   2              if (type == 2) //存取款阶段
 333   2              {
 334   3                  money = (a * 1000 + b * 100 + c * 10 + d); //计算输入金额
 335   3      
 336   3                  if (KeyNum == 12 && d != 22) //存
 337   3                  {
 338   4                      if (d != 22) //判断是否输入4位数
 339   4                      {
 340   5                          have = have + money;
 341   5                          if (have <= 9999) //判断数值是否超出9999
 342   5                          {
 343   6                              a = 22;
 344   6                              b = 22;
 345   6                              c = 22;
 346   6                              d = 22;
 347   6                              e = have / 1000;
 348   6                              f = have % 1000 / 100;
 349   6                              g = have % 100 / 10;
 350   6                              h = have % 10;
 351   6                          }
 352   5                          else //如果超出
 353   5                          {
 354   6                              BUJ = 0;
 355   6                              Delay(250);
 356   6                              BUJ = 1; //蜂鸣器响1声
 357   6                              a = 22;
 358   6                              b = 22;
 359   6                              c = 22;
 360   6                              d = 22;
 361   6                              have = have - money; //复位
 362   6                          }
 363   5                          num = 0; //复位
 364   5                      }
C51 COMPILER V9.60.0.0   MAIN                                                              11/14/2022 13:37:51 PAGE 7   

 365   4                  }
 366   3      
 367   3                  if (KeyNum == 13) //取 （功能与”存“相似）
 368   3                  {
 369   4                      if (d != 22)
 370   4                      {
 371   5                          if (have > money)
 372   5                          {
 373   6                              have = have - money;
 374   6                              a = 22;
 375   6                              b = 22;
 376   6                              c = 22;
 377   6                              d = 22;
 378   6                              e = have / 1000;
 379   6                              f = have % 1000 / 100;
 380   6                              g = have % 100 / 10;
 381   6                              h = have % 10;
 382   6                          }
 383   5                          else
 384   5                          {
 385   6                              BUJ = 0;
 386   6                              Delay(250);
 387   6                              BUJ = 1;
 388   6                              a = 22;
 389   6                              b = 22;
 390   6                              c = 22;
 391   6                              d = 22;
 392   6                          }
 393   5                          num = 0;
 394   5                      }
 395   4                  }
 396   3      
 397   3                  if (KeyNum == 14) //重新输入处理金额
 398   3                  {
 399   4                      a = 22;
 400   4                      b = 22;
 401   4                      c = 22;
 402   4                      d = 22;
 403   4                      num = 0;
 404   4                  }
 405   3      
 406   3                  if (KeyNum == 15) //复位回最初状态
 407   3                  {
 408   4                      a = 22;
 409   4                      b = 22;
 410   4                      c = 22;
 411   4                      d = 22;
 412   4                      e = 22;
 413   4                      f = 22;
 414   4                      g = 22;
 415   4                      h = 22;
 416   4                      num = 0;
 417   4                      type = 0;  //进入输入密码阶段
 418   4                      P1 = 0xff; // LED全灭
 419   4                  }
 420   3              }
 421   2              //=====================================================
 422   2              display(a, b, c, d, e, f, g, h); //数码管扫描
 423   2          }
 424   1      }
 425          
 426          void timer0() interrupt 1 // 30秒倒计时
C51 COMPILER V9.60.0.0   MAIN                                                              11/14/2022 13:37:51 PAGE 8   

 427          {
 428   1          TH0 = 0x4C;
 429   1          TL0 = 0x00; //定时50ms
 430   1      
 431   1          if (time >= 1)
 432   1          {
 433   2              f = sec / 10;
 434   2              g = sec % 10;
 435   2              h = msec;
 436   2      
 437   2              mmsec++;
 438   2              if (mmsec == 2)
 439   2              {
 440   3                  msec--;
 441   3                  mmsec = 0;
 442   3              }
 443   2      
 444   2              if (msec == 0)
 445   2              {
 446   3                  sec--;
 447   3                  msec = 10;
 448   3              }
 449   2          }
 450   1      }


MODULE INFORMATION:   STATIC OVERLAYABLE
   CODE SIZE        =   1662    ----
   CONSTANT SIZE    =     25    ----
   XDATA SIZE       =   ----    ----
   PDATA SIZE       =   ----    ----
   DATA SIZE        =     26      23
   IDATA SIZE       =   ----    ----
   BIT SIZE         =   ----    ----
END OF MODULE INFORMATION.


C51 COMPILATION COMPLETE.  0 WARNING(S),  0 ERROR(S)
