C51 COMPILER V9.60.0.0   HELLO                                                             10/16/2022 17:19:46 PAGE 1   


C51 COMPILER V9.60.0.0, COMPILATION OF MODULE HELLO
OBJECT MODULE PLACED IN .\Objects\Hello.obj
COMPILER INVOKED BY: D:\Keil_v5\C51\BIN\C51.EXE Hello.c OPTIMIZE(8,SPEED) BROWSE DEBUG OBJECTEXTEND PRINT(.\Listings\Hel
                    -lo.lst) TABS(2) OBJECT(.\Objects\Hello.obj)

line level    source

   1          #include <reg52.h>
   2          #include "utils.h"
   3          
   4          
   5          void main()
   6          {
   7   1          while (1)
   8   1          {
   9   2              P1 = 0;
  10   2          }
  11   1      }


MODULE INFORMATION:   STATIC OVERLAYABLE
   CODE SIZE        =    169    ----
   CONSTANT SIZE    =   ----    ----
   XDATA SIZE       =   ----    ----
   PDATA SIZE       =   ----    ----
   DATA SIZE        =      5    ----
   IDATA SIZE       =   ----    ----
   BIT SIZE         =   ----    ----
END OF MODULE INFORMATION.


C51 COMPILATION COMPLETE.  0 WARNING(S),  0 ERROR(S)
