C51 COMPILER V9.60.0.0   HELLOSINGLECHIP                                                   09/28/2022 15:07:40 PAGE 1   


C51 COMPILER V9.60.0.0, COMPILATION OF MODULE HELLOSINGLECHIP
OBJECT MODULE PLACED IN .\Objects\HelloSingleChip.obj
COMPILER INVOKED BY: D:\Keil_v5\C51\BIN\C51.EXE HelloSingleChip.c OPTIMIZE(8,SPEED) BROWSE DEBUG OBJECTEXTEND PRINT(.\Li
                    -stings\HelloSingleChip.lst) TABS(2) OBJECT(.\Objects\HelloSingleChip.obj)

line level    source

   1          #include "reg52.h"
   2          
   3          sbit std_key=P3^1;
   4          sbit LED=P1^1;
   5          
   6          void main(){
   7   1        std_key = 1;
   8   1        while(1){
   9   2          LED=std_key;
  10   2        }
  11   1      }


MODULE INFORMATION:   STATIC OVERLAYABLE
   CODE SIZE        =      8    ----
   CONSTANT SIZE    =   ----    ----
   XDATA SIZE       =   ----    ----
   PDATA SIZE       =   ----    ----
   DATA SIZE        =   ----    ----
   IDATA SIZE       =   ----    ----
   BIT SIZE         =   ----    ----
END OF MODULE INFORMATION.


C51 COMPILATION COMPLETE.  0 WARNING(S),  0 ERROR(S)
