C51 COMPILER V9.60.0.0   MAIN                                                              11/05/2022 17:17:22 PAGE 1   


C51 COMPILER V9.60.0.0, COMPILATION OF MODULE MAIN
OBJECT MODULE PLACED IN .\Objects\Main.obj
COMPILER INVOKED BY: D:\Keil_v5\C51\BIN\C51.EXE src\Main.c OPTIMIZE(8,SPEED) BROWSE INCDIR(..\LearningProject_1) DEBUG O
                    -BJECTEXTEND PRINT(.\Listings\Main.lst) TABS(2) OBJECT(.\Objects\Main.obj)

line level    source

   1          #include "REG52.H"
   2          #define uint unsigned int
   3          #define uchar unsigned char
   4          
   5          #define t0high 0xfe
   6          #define t0low 0x0c
   7          
   8          sbit led = P1 ^ 1;
   9          
  10          void timer0Init()
  11          {
  12   1        EA = 1;
  13   1        ET0 = 1;
  14   1        TMOD = 0x01;
  15   1        TR0 = 1;
  16   1        TH0 = t0high;
  17   1        TH0 = t0low;
  18   1      }
  19          
  20          void main()
  21          {
  22   1        timer0Init();
  23   1        while (1)
  24   1        {
  25   2        }
  26   1      }
  27          
  28          void timer() interrupt 1 using 0
  29          {
  30   1        TH0 = t0high;
  31   1        TL0 = t0low;
  32   1        led = ~led;
  33   1      }


MODULE INFORMATION:   STATIC OVERLAYABLE
   CODE SIZE        =     30    ----
   CONSTANT SIZE    =   ----    ----
   XDATA SIZE       =   ----    ----
   PDATA SIZE       =   ----    ----
   DATA SIZE        =   ----    ----
   IDATA SIZE       =   ----    ----
   BIT SIZE         =   ----    ----
END OF MODULE INFORMATION.


C51 COMPILATION COMPLETE.  0 WARNING(S),  0 ERROR(S)
