C51 COMPILER V9.60.0.0   MEINE                                                             09/27/2022 15:40:41 PAGE 1   


C51 COMPILER V9.60.0.0, COMPILATION OF MODULE MEINE
OBJECT MODULE PLACED IN .\Objects\meine.obj
COMPILER INVOKED BY: D:\Keil_v5\C51\BIN\C51.EXE meine.c OPTIMIZE(8,SPEED) BROWSE DEBUG OBJECTEXTEND PRINT(.\Listings\mei
                    -ne.lst) TABS(2) OBJECT(.\Objects\meine.obj)

line level    source

   1          
   2          void sleep(int millis){
   3   1        int i, j;
   4   1        for(i=0;i<millis;i++){
   5   2            for(j=0;j<=114;j++){}
   6   2          }
   7   1      }
   8          
   9          void flow(){
  10   1        
  11   1      }


MODULE INFORMATION:   STATIC OVERLAYABLE
   CODE SIZE        =     39    ----
   CONSTANT SIZE    =   ----    ----
   XDATA SIZE       =   ----    ----
   PDATA SIZE       =   ----    ----
   DATA SIZE        =   ----    ----
   IDATA SIZE       =   ----    ----
   BIT SIZE         =   ----    ----
END OF MODULE INFORMATION.


C51 COMPILATION COMPLETE.  0 WARNING(S),  0 ERROR(S)
