C51 COMPILER V9.60.0.0   TEST_1                                                            09/25/2022 17:36:22 PAGE 1   


C51 COMPILER V9.60.0.0, COMPILATION OF MODULE TEST_1
OBJECT MODULE PLACED IN .\Objects\Test_1.obj
COMPILER INVOKED BY: D:\Keil_v5\C51\BIN\C51.EXE Test_1.c OPTIMIZE(8,SPEED) BROWSE DEBUG OBJECTEXTEND PRINT(.\Listings\Te
                    -st_1.lst) TABS(2) OBJECT(.\Objects\Test_1.obj)

line level    source

   1          #include "reg52.h"
   2          #include "intrins.h"
   3          
   4          sbit LED=P1^7;
   5          void delay(int i)
   6          {
   7   1        int a,b;
   8   1        for(a=0;a<i;a++)
   9   1          for(b=0;b<114;b++);
  10   1      }
  11          
  12          void main(){
  13   1        int i,temp=0x7f;
  14   1        P1=temp;
  15   1        while(1){
  16   2          for(i=0;i<8;i++){
  17   3          temp=_cror_(temp,1);
  18   3          P1=temp;
  19   3          delay(100);
  20   3          }
  21   2        }
  22   1      }


MODULE INFORMATION:   STATIC OVERLAYABLE
   CODE SIZE        =     95    ----
   CONSTANT SIZE    =   ----    ----
   XDATA SIZE       =   ----    ----
   PDATA SIZE       =   ----    ----
   DATA SIZE        =   ----       2
   IDATA SIZE       =   ----    ----
   BIT SIZE         =   ----    ----
END OF MODULE INFORMATION.


C51 COMPILATION COMPLETE.  0 WARNING(S),  0 ERROR(S)
